[iboxbd.live/index.html]
[backblue.gif]
[fade.gif]
[index.html]
[iboxbd.live/assets/js/vendor/jquery-1.12.0.min.js]
[iboxbd.live/logo.png]
[iboxbd.live/index-2.html]
[iboxbd.live/player1f50.html]
[iboxbd.live/assets/images/gtv.png]
[iboxbd.live/assets/images/jamunatv.png]
[iboxbd.live/player6b80.html]
[iboxbd.live/assets/images/somoytv.jpg]
[iboxbd.live/player2c38.html]
[iboxbd.live/assets/images/channeli.jpg]
[iboxbd.live/player1070.html]
[iboxbd.live/player71bf.html]
[iboxbd.live/assets/images/news24.png]
[iboxbd.live/player730b.html]
[iboxbd.live/assets/images/maasranga.png]
[iboxbd.live/player6473.html]
[iboxbd.live/assets/images/etv.jpg]
[iboxbd.live/player25e2.html]
[iboxbd.live/assets/images/channel24.png]
[iboxbd.live/player9a71.html]
[iboxbd.live/assets/images/independent.png]
[iboxbd.live/player2257.html]
[iboxbd.live/assets/images/BTV.png]
[iboxbd.live/playerbdc3.html]
[iboxbd.live/assets/images/rtv.png]
[iboxbd.live/playerc6f2.html]
[iboxbd.live/assets/images/ntv.jpg]
[iboxbd.live/playerb373.html]
[iboxbd.live/assets/images/banglavision.png]
[iboxbd.live/player2f6f.html]
[iboxbd.live/assets/images/atnbangla.jpg]
[iboxbd.live/player66e7.html]
[iboxbd.live/assets/images/channel9.png]
[iboxbd.live/playere102.html]
[iboxbd.live/assets/images/dbcnews.png]
[iboxbd.live/player2f93.html]
[iboxbd.live/assets/images/mytv.png]
[iboxbd.live/player3a58.html]
[iboxbd.live/assets/images/deeptotv.jpg]
[iboxbd.live/player72c9.html]
[iboxbd.live/assets/images/satv.png]
[iboxbd.live/playerb431.html]
[iboxbd.live/assets/images/ekattor.jpg]
[iboxbd.live/playercf28.html]
[iboxbd.live/assets/images/asiantv.jpg]
[iboxbd.live/playerdd3e.html]
[iboxbd.live/assets/images/boishakhitv.jpg]
[iboxbd.live/player079c.html]
[iboxbd.live/assets/images/nagorik.png]
[iboxbd.live/playerb7b9.html]
[iboxbd.live/assets/images/mohonatv.jpg]
[iboxbd.live/playerce21.html]
[iboxbd.live/assets/images/banglatv.png]
[iboxbd.live/playere1fb.html]
[iboxbd.live/assets/images/85.jpg]
[iboxbd.live/player528a.html]
[iboxbd.live/assets/images/94.jpg]
[iboxbd.live/playerc27b.html]
[iboxbd.live/assets/images/108.jpg]
[iboxbd.live/assets/images/106.jpg]
[iboxbd.live/assets/images/98.jpg]
[iboxbd.live/player334c.html]
[iboxbd.live/playere19a.html]
[iboxbd.live/assets/images/colorsbangla.png]
[iboxbd.live/player1c0e.html]
[iboxbd.live/assets/images/sonyaath.png]
[iboxbd.live/player0128.html]
[iboxbd.live/assets/images/zeebangla.png]
[iboxbd.live/playerd8d6.html]
[iboxbd.live/assets/images/zeebanglacinema.png]
[iboxbd.live/player6eb8.html]
[iboxbd.live/assets/images/starjalsha.png]
[iboxbd.live/playerd221.html]
[iboxbd.live/assets/images/jalshamovies.png]
[iboxbd.live/player97bf.html]
[iboxbd.live/assets/images/109.jpg]
[iboxbd.live/assets/images/72.jpg]
[iboxbd.live/playerdc35.html]
[iboxbd.live/assets/images/hbo.png]
[iboxbd.live/player2488.html]
[iboxbd.live/assets/images/anBDCINEPLEX.png]
[iboxbd.live/player9678.html]
[iboxbd.live/assets/images/sonypix.png]
[iboxbd.live/player5635.html]
[iboxbd.live/assets/images/bbcworldnews.png]
[iboxbd.live/player8202.html]
[iboxbd.live/assets/images/mnx.png]
[iboxbd.live/playerb023.html]
[iboxbd.live/assets/images/moviesnow.png]
[iboxbd.live/player1fd6.html]
[iboxbd.live/assets/images/18.jpg]
[iboxbd.live/playerd7a1.html]
[iboxbd.live/assets/images/05.jpg]
[iboxbd.live/playerb3fb.html]
[iboxbd.live/assets/images/stargoldhd.png]
[iboxbd.live/player1fc0.html]
[iboxbd.live/assets/images/starplus.png]
[iboxbd.live/player92f1.html]
[iboxbd.live/assets/images/colors.png]
[iboxbd.live/player3184.html]
[iboxbd.live/assets/images/sony.png]
[iboxbd.live/playere7a8.html]
[iboxbd.live/assets/images/sonymax.png]
[iboxbd.live/player15e5.html]
[iboxbd.live/assets/images/sonysab.png]
[iboxbd.live/assets/images/zeetv.png]
[iboxbd.live/playerf0ac.html]
[iboxbd.live/assets/images/zeecinema.png]
[iboxbd.live/playerd3f5.html]
[iboxbd.live/playera060.html]
[iboxbd.live/assets/images/andtv.png]
[iboxbd.live/player4fbf.html]
[iboxbd.live/assets/images/andpic.png]
[iboxbd.live/player1d73.html]
[iboxbd.live/assets/images/starsports1.png]
[iboxbd.live/player48aa.html]
[iboxbd.live/assets/images/sonysixhd.png]
[iboxbd.live/playerb99c.html]
[iboxbd.live/assets/images/sony-ten-1.png]
[iboxbd.live/playerfdd1.html]
[iboxbd.live/assets/images/sony-ten-2.png]
[iboxbd.live/player11fa.html]
[iboxbd.live/assets/images/sony-ten-3.png]
[iboxbd.live/player4620.html]
[iboxbd.live/assets/images/sonyespn.png]
[iboxbd.live/player9488.html]
[iboxbd.live/assets/images/starsportsselect1hd.png]
[iboxbd.live/player69c0.html]
[iboxbd.live/assets/images/starsportsselect2hd.png]
[iboxbd.live/playercfdd.html]
[iboxbd.live/assets/images/ptvsports.png]
[iboxbd.live/player29c9.html]
[iboxbd.live/assets/images/gaanbangla.png]
[iboxbd.live/playere8b7.html]
[iboxbd.live/assets/images/zoomtv.png]
[iboxbd.live/playerdb8c.html]
[iboxbd.live/assets/images/9xm.png]
[iboxbd.live/player6690.html]
[iboxbd.live/assets/images/9x0.png]
[iboxbd.live/player5153.html]
[iboxbd.live/assets/images/sangeetbangla.png]
[iboxbd.live/player037d.html]
[iboxbd.live/assets/images/56.jpg]
[iboxbd.live/playerfff7.html]
[iboxbd.live/assets/images/01.jpg]
[iboxbd.live/playerc70e.html]
[iboxbd.live/assets/images/discoveryworld.png]
[iboxbd.live/player43d5.html]
[iboxbd.live/assets/images/natgeo.png]
[iboxbd.live/player63e5.html]
[iboxbd.live/assets/images/durontotv.png]
[iboxbd.live/player70e2.html]
[iboxbd.live/assets/images/nicktv.png]
[iboxbd.live/playerb625.html]
[iboxbd.live/assets/images/54.jpg]
[iboxbd.live/assets/js/bootstrap.min.js]
[iboxbd.live/assets/js/jquery.owl-filter.js]
[iboxbd.live/assets/js/owl.carousel.min.js]
[iboxbd.live/index.html]
[iboxbd.live/assets/js/main.js]
[iboxbd.live/assets/fonts/glyphicons-halflings-regular.eot]
[iboxbd.live/assets/fonts/glyphicons-halflings-regulard41dd41d.eot]
[iboxbd.live/assets/fonts/glyphicons-halflings-regular.woff2]
[iboxbd.live/assets/fonts/glyphicons-halflings-regular.woff]
[iboxbd.live/assets/fonts/glyphicons-halflings-regular.ttf]
[iboxbd.live/assets/css/bootstrap.min.css]
[iboxbd.live/assets/fonts/fontawesome-webfont3e6e3e6e.eot]
[iboxbd.live/assets/fonts/fontawesome-webfontd41dd41d.eot]
[iboxbd.live/assets/fonts/fontawesome-webfont3e6e3e6e.woff2]
[iboxbd.live/assets/fonts/fontawesome-webfont3e6e3e6e.woff]
[iboxbd.live/assets/fonts/fontawesome-webfont3e6e3e6e.ttf]
[iboxbd.live/assets/css/font-awesome.min.css]
[iboxbd.live/assets/css/owl.carousel.css]
[iboxbd.live/assets/style.css]
[iboxbd.live/assets/css/owl.video.play.html]
[iboxbd.live/assets/css/noyan.css]
[iboxbd.live/index-2.html]
[iboxbd.live/player1f50.html]
[iboxbd.live/player6b80.html]
[iboxbd.live/player2c38.html]
[iboxbd.live/player1070.html]
[iboxbd.live/player71bf.html]
[iboxbd.live/player730b.html]
[iboxbd.live/player6473.html]
[iboxbd.live/player25e2.html]
[iboxbd.live/player9a71.html]
[iboxbd.live/player2257.html]
[iboxbd.live/playerbdc3.html]
[iboxbd.live/playerc6f2.html]
[iboxbd.live/playerb373.html]
[iboxbd.live/player2f6f.html]
[iboxbd.live/player66e7.html]
[iboxbd.live/playere102.html]
[iboxbd.live/player2f93.html]
[iboxbd.live/player3a58.html]
[iboxbd.live/player72c9.html]
[iboxbd.live/playerb431.html]
[iboxbd.live/playercf28.html]
[iboxbd.live/playerdd3e.html]
[iboxbd.live/player079c.html]
[iboxbd.live/playerb7b9.html]
[iboxbd.live/playerce21.html]
[iboxbd.live/playere1fb.html]
[iboxbd.live/player528a.html]
[iboxbd.live/playerc27b.html]
[iboxbd.live/player334c.html]
[iboxbd.live/playere19a.html]
[iboxbd.live/player1c0e.html]
[iboxbd.live/player0128.html]
[iboxbd.live/playerd8d6.html]
[iboxbd.live/player6eb8.html]
[iboxbd.live/playerd221.html]
[iboxbd.live/player97bf.html]
[iboxbd.live/playerdc35.html]
[iboxbd.live/player2488.html]
[iboxbd.live/assets/images/anBDCINEPLEX.html]
[iboxbd.live/player9678.html]
[iboxbd.live/player5635.html]
[iboxbd.live/player8202.html]
[iboxbd.live/playerb023.html]
[iboxbd.live/player1fd6.html]
[iboxbd.live/playerd7a1.html]
[iboxbd.live/playerb3fb.html]
[iboxbd.live/player1fc0.html]
[iboxbd.live/player92f1.html]
[iboxbd.live/player3184.html]
[iboxbd.live/playere7a8.html]
[iboxbd.live/player15e5.html]
[iboxbd.live/playerf0ac.html]
[iboxbd.live/playerd3f5.html]
[iboxbd.live/playera060.html]
[iboxbd.live/player4fbf.html]
[iboxbd.live/player1d73.html]
[iboxbd.live/player48aa.html]
[iboxbd.live/playerb99c.html]
[iboxbd.live/playerfdd1.html]
[iboxbd.live/player11fa.html]
[iboxbd.live/player4620.html]
[iboxbd.live/player9488.html]
[iboxbd.live/player69c0.html]
[iboxbd.live/playercfdd.html]
[iboxbd.live/player29c9.html]
[iboxbd.live/playere8b7.html]
[iboxbd.live/playerdb8c.html]
[iboxbd.live/player6690.html]
[iboxbd.live/player5153.html]
[iboxbd.live/player037d.html]
[iboxbd.live/playerfff7.html]
[iboxbd.live/playerc70e.html]
[iboxbd.live/player43d5.html]
[iboxbd.live/player63e5.html]
[iboxbd.live/player70e2.html]
[iboxbd.live/playerb625.html]
[iboxbd.live/assets/fonts/glyphicons-halflings-regular.svg]
[iboxbd.live/assets/img/body-bg.png]
[iboxbd.live/assets/fonts/fontawesome-webfont3e6e3e6e.svg]
[iboxbd.live/assets/css/owl.video.play.html]
